###############################################################################
#
# IAR ELF Linker V7.80.4.12462/W32 for ARM                21/Apr/2019  17:19:55
# Copyright 2007-2017 IAR Systems AB.
#
#    Output file  =  
#        C:\Users\Dargon\Desktop\03-26-巡线试用版\Projecct\IAR\program\MK60_Debug\Exe\SeekFree_Kinetis.out
#    Map file     =  
#        C:\Users\Dargon\Desktop\03-26-巡线试用版\Projecct\IAR\program\MK60_Debug\List\SeekFree_Kinetis.map
#    Command line =  
#        C:\Users\Dargon\Desktop\03-26-巡线试用版\Projecct\IAR\program\MK60_Debug\Obj\Ano_Link.o
#        C:\Users\Dargon\Desktop\03-26-巡线试用版\Projecct\IAR\program\MK60_Debug\Obj\common.o
#        C:\Users\Dargon\Desktop\03-26-巡线试用版\Projecct\IAR\program\MK60_Debug\Obj\diskio.o
#        C:\Users\Dargon\Desktop\03-26-巡线试用版\Projecct\IAR\program\MK60_Debug\Obj\ff.o
#        C:\Users\Dargon\Desktop\03-26-巡线试用版\Projecct\IAR\program\MK60_Debug\Obj\isr.o
#        C:\Users\Dargon\Desktop\03-26-巡线试用版\Projecct\IAR\program\MK60_Debug\Obj\key.o
#        C:\Users\Dargon\Desktop\03-26-巡线试用版\Projecct\IAR\program\MK60_Debug\Obj\led.o
#        C:\Users\Dargon\Desktop\03-26-巡线试用版\Projecct\IAR\program\MK60_Debug\Obj\main.o
#        C:\Users\Dargon\Desktop\03-26-巡线试用版\Projecct\IAR\program\MK60_Debug\Obj\misc.o
#        C:\Users\Dargon\Desktop\03-26-巡线试用版\Projecct\IAR\program\MK60_Debug\Obj\MK60DN10_adc.o
#        C:\Users\Dargon\Desktop\03-26-巡线试用版\Projecct\IAR\program\MK60_Debug\Obj\MK60DN10_cmt.o
#        C:\Users\Dargon\Desktop\03-26-巡线试用版\Projecct\IAR\program\MK60_Debug\Obj\MK60DN10_dac.o
#        C:\Users\Dargon\Desktop\03-26-巡线试用版\Projecct\IAR\program\MK60_Debug\Obj\MK60DN10_dma.o
#        C:\Users\Dargon\Desktop\03-26-巡线试用版\Projecct\IAR\program\MK60_Debug\Obj\MK60DN10_flash.o
#        C:\Users\Dargon\Desktop\03-26-巡线试用版\Projecct\IAR\program\MK60_Debug\Obj\MK60DN10_ftm.o
#        C:\Users\Dargon\Desktop\03-26-巡线试用版\Projecct\IAR\program\MK60_Debug\Obj\MK60DN10_gpio.o
#        C:\Users\Dargon\Desktop\03-26-巡线试用版\Projecct\IAR\program\MK60_Debug\Obj\MK60DN10_i2c.o
#        C:\Users\Dargon\Desktop\03-26-巡线试用版\Projecct\IAR\program\MK60_Debug\Obj\MK60DN10_lptmr.o
#        C:\Users\Dargon\Desktop\03-26-巡线试用版\Projecct\IAR\program\MK60_Debug\Obj\MK60DN10_pit.o
#        C:\Users\Dargon\Desktop\03-26-巡线试用版\Projecct\IAR\program\MK60_Debug\Obj\MK60DN10_port.o
#        C:\Users\Dargon\Desktop\03-26-巡线试用版\Projecct\IAR\program\MK60_Debug\Obj\MK60DN10_rtc.o
#        C:\Users\Dargon\Desktop\03-26-巡线试用版\Projecct\IAR\program\MK60_Debug\Obj\MK60DN10_sdhc.o
#        C:\Users\Dargon\Desktop\03-26-巡线试用版\Projecct\IAR\program\MK60_Debug\Obj\MK60DN10_spi.o
#        C:\Users\Dargon\Desktop\03-26-巡线试用版\Projecct\IAR\program\MK60_Debug\Obj\MK60DN10_systick.o
#        C:\Users\Dargon\Desktop\03-26-巡线试用版\Projecct\IAR\program\MK60_Debug\Obj\MK60DN10_uart.o
#        C:\Users\Dargon\Desktop\03-26-巡线试用版\Projecct\IAR\program\MK60_Debug\Obj\MK60DN10_wdog.o
#        C:\Users\Dargon\Desktop\03-26-巡线试用版\Projecct\IAR\program\MK60_Debug\Obj\motor.o
#        C:\Users\Dargon\Desktop\03-26-巡线试用版\Projecct\IAR\program\MK60_Debug\Obj\path_control.o
#        C:\Users\Dargon\Desktop\03-26-巡线试用版\Projecct\IAR\program\MK60_Debug\Obj\photo_handle.o
#        C:\Users\Dargon\Desktop\03-26-巡线试用版\Projecct\IAR\program\MK60_Debug\Obj\scheduler.o
#        C:\Users\Dargon\Desktop\03-26-巡线试用版\Projecct\IAR\program\MK60_Debug\Obj\SEEKFREE_18TFT.o
#        C:\Users\Dargon\Desktop\03-26-巡线试用版\Projecct\IAR\program\MK60_Debug\Obj\SEEKFREE_7725.o
#        C:\Users\Dargon\Desktop\03-26-巡线试用版\Projecct\IAR\program\MK60_Debug\Obj\SEEKFREE_FUN.o
#        C:\Users\Dargon\Desktop\03-26-巡线试用版\Projecct\IAR\program\MK60_Debug\Obj\SEEKFREE_IIC.o
#        C:\Users\Dargon\Desktop\03-26-巡线试用版\Projecct\IAR\program\MK60_Debug\Obj\SEEKFREE_L3G4200D.o
#        C:\Users\Dargon\Desktop\03-26-巡线试用版\Projecct\IAR\program\MK60_Debug\Obj\SEEKFREE_MMA8451.o
#        C:\Users\Dargon\Desktop\03-26-巡线试用版\Projecct\IAR\program\MK60_Debug\Obj\SEEKFREE_MPU6050.o
#        C:\Users\Dargon\Desktop\03-26-巡线试用版\Projecct\IAR\program\MK60_Debug\Obj\SEEKFREE_MT9V032.o
#        C:\Users\Dargon\Desktop\03-26-巡线试用版\Projecct\IAR\program\MK60_Debug\Obj\SEEKFREE_NRF24L01.o
#        C:\Users\Dargon\Desktop\03-26-巡线试用版\Projecct\IAR\program\MK60_Debug\Obj\SEEKFREE_OLED.o
#        C:\Users\Dargon\Desktop\03-26-巡线试用版\Projecct\IAR\program\MK60_Debug\Obj\SEEKFREE_TSL1401.o
#        C:\Users\Dargon\Desktop\03-26-巡线试用版\Projecct\IAR\program\MK60_Debug\Obj\startup_MK60D10.o
#        C:\Users\Dargon\Desktop\03-26-巡线试用版\Projecct\IAR\program\MK60_Debug\Obj\system_MK60D10.o
#        -o
#        C:\Users\Dargon\Desktop\03-26-巡线试用版\Projecct\IAR\program\MK60_Debug\Exe\SeekFree_Kinetis.out
#        --map
#        C:\Users\Dargon\Desktop\03-26-巡线试用版\Projecct\IAR\program\MK60_Debug\List\SeekFree_Kinetis.map
#        --config
#        C:\Users\Dargon\Desktop\03-26-巡线试用版\Projecct\IAR\program\linker\MK60xN512_10.icf
#        --semihosting --entry __iar_program_start --vfe
#
###############################################################################

*******************************************************************************
*** RUNTIME MODEL ATTRIBUTES
***

CppFlavor       = *
__Heap_Handler  = DLMalloc
__SystemLibrary = DLib


*******************************************************************************
*** PLACEMENT SUMMARY
***

"A0":  place at 0x00000000 { ro section .intvec };
"P2":  place in [from 0x00000000 to 0x000003ff] |
                [from 0x00000410 to 0x0007ffff] { ro };
"P3":  place in [from 0x1fff0000 to 0x1fffffff repeat 2] {
          rw, block CSTACK, block HEAP };
initialize by copy { rw };

  Section            Kind        Address    Size  Object
  -------            ----        -------    ----  ------
"A0":                                      0x410
  .intvec            ro code  0x00000000   0x410  startup_MK60D10.o [1]
                            - 0x00000410   0x410

"P2":                                     0x5270
  .text              ro code  0x00000410  0x1b9c  photo_handle.o [1]
  .text              ro code  0x00001fac    0x2e  I32ToFlt.o [4]
  .text              ro code  0x00001fdc    0xfc  FltDiv.o [4]
  .text              ro code  0x000020d8    0x84  FltAdd.o [4]
  .text              ro code  0x0000215c    0xd8  FltMul.o [4]
  .text              ro code  0x00002234    0xe6  FltSub.o [4]
  .text              ro code  0x0000231c    0x4e  FltToDbl.o [4]
  .text              ro code  0x0000236c   0x1a2  DblMul.o [4]
  .text              ro code  0x00002510    0xe8  DblAdd.o [4]
  .text              ro code  0x000025f8    0x90  DblToFlt.o [4]
  .text              ro code  0x00002688    0x24  FltCmpLe.o [4]
  .text              ro code  0x000026ac   0x36c  SEEKFREE_OLED.o [1]
  .text              ro code  0x00002a18   0x16c  DblSub.o [4]
  .text              ro code  0x00002b84   0x204  MK60DN10_gpio.o [1]
  .text              ro code  0x00002d88    0xec  MK60DN10_port.o [1]
  .text              ro code  0x00002e74   0xb08  path_control.o [1]
  .text              ro code  0x0000397c    0x24  FltCmpGe.o [4]
  .text              ro code  0x000039a0    0x44  FltToS32.o [4]
  .text              ro code  0x000039e4   0x198  motor.o [1]
  .text              ro code  0x00003b7c    0x1c  FltCmpEq.o [4]
  .text              ro code  0x00003b98   0x1ce  led.o [1]
  .text              ro code  0x00003d68   0x3ec  MK60DN10_ftm.o [1]
  .text              ro code  0x00004154   0x128  MK60DN10_cmt.o [1]
  .text              ro code  0x0000427c   0x158  MK60DN10_pit.o [1]
  .text              ro code  0x000043d4   0x2cc  MK60DN10_uart.o [1]
  .text              ro code  0x000046a0   0x2c4  SEEKFREE_MT9V032.o [1]
  .text              ro code  0x00004964    0x54  MK60DN10_systick.o [1]
  .text              ro code  0x000049b8   0x210  MK60DN10_dma.o [1]
  .rodata            const    0x00004bc8   0x228  SEEKFREE_OLED.o [1]
  .text              ro code  0x00004df0   0x1b0  isr.o [1]
  .text              ro code  0x00004fa0   0x11c  key.o [1]
  .text              ro code  0x000050bc   0x108  system_MK60D10.o [1]
  .text              ro code  0x000051c4    0xbc  main.o [1]
  .text              ro code  0x00005280    0x68  common.o [1]
  .text              ro code  0x000052e8    0x40  zero_init3.o [5]
  .text              ro code  0x00005328    0x2c  copy_init3.o [5]
  .text              ro code  0x00005354    0x28  data_init.o [5]
  .iar.init_table    const    0x0000537c    0x24  - Linker created -
  .text              ro code  0x000053a0    0x1a  cmain.o [5]
  .text              ro code  0x000053ba     0x4  low_level_init.o [3]
  .text              ro code  0x000053be     0x4  exit.o [3]
  .text              ro code  0x000053c4     0xa  cexit.o [5]
  .text              ro code  0x000053d0    0x14  exit.o [6]
  .rodata            const    0x000053e4    0x14  MK60DN10_gpio.o [1]
  .rodata            const    0x000053f8    0x14  MK60DN10_gpio.o [1]
  .rodata            const    0x0000540c    0x14  MK60DN10_port.o [1]
  .rodata            const    0x00005420    0x14  MK60DN10_port.o [1]
  .text              ro code  0x00005434    0x10  startup_MK60D10.o [1]
  .rodata            const    0x00005444     0xc  MK60DN10_ftm.o [1]
  .text              ro code  0x00005450     0xc  cstartup_M.o [5]
  .rodata            const    0x0000545c     0x8  photo_handle.o [1]
  .text              ro code  0x00005464     0x4  startup_MK60D10.o [1]
  .text              ro code  0x00005468     0x4  startup_MK60D10.o [1]
  .text              ro code  0x0000546c     0x4  startup_MK60D10.o [1]
  .text              ro code  0x00005470     0x4  startup_MK60D10.o [1]
  .text              ro code  0x00005474     0x4  startup_MK60D10.o [1]
  .text              ro code  0x00005478     0x4  startup_MK60D10.o [1]
  .text              ro code  0x0000547c     0x4  startup_MK60D10.o [1]
  .text              ro code  0x00005480     0x4  startup_MK60D10.o [1]
  .text              ro code  0x00005484     0x4  startup_MK60D10.o [1]
  .text              ro code  0x00005488     0x4  startup_MK60D10.o [1]
  .text              ro code  0x0000548c     0x4  startup_MK60D10.o [1]
  .text              ro code  0x00005490     0x4  startup_MK60D10.o [1]
  .text              ro code  0x00005494     0x4  startup_MK60D10.o [1]
  .text              ro code  0x00005498     0x4  startup_MK60D10.o [1]
  .text              ro code  0x0000549c     0x4  startup_MK60D10.o [1]
  .text              ro code  0x000054a0     0x4  startup_MK60D10.o [1]
  .text              ro code  0x000054a4     0x4  startup_MK60D10.o [1]
  .text              ro code  0x000054a8     0x4  startup_MK60D10.o [1]
  .text              ro code  0x000054ac     0x4  startup_MK60D10.o [1]
  .text              ro code  0x000054b0     0x4  startup_MK60D10.o [1]
  .text              ro code  0x000054b4     0x4  startup_MK60D10.o [1]
  .text              ro code  0x000054b8     0x4  startup_MK60D10.o [1]
  .text              ro code  0x000054bc     0x4  startup_MK60D10.o [1]
  .text              ro code  0x000054c0     0x4  startup_MK60D10.o [1]
  .text              ro code  0x000054c4     0x4  startup_MK60D10.o [1]
  .text              ro code  0x000054c8     0x4  startup_MK60D10.o [1]
  .text              ro code  0x000054cc     0x4  startup_MK60D10.o [1]
  .text              ro code  0x000054d0     0x4  startup_MK60D10.o [1]
  .text              ro code  0x000054d4     0x4  startup_MK60D10.o [1]
  .text              ro code  0x000054d8     0x4  startup_MK60D10.o [1]
  .text              ro code  0x000054dc     0x4  startup_MK60D10.o [1]
  .text              ro code  0x000054e0     0x4  startup_MK60D10.o [1]
  .text              ro code  0x000054e4     0x4  startup_MK60D10.o [1]
  .text              ro code  0x000054e8     0x4  startup_MK60D10.o [1]
  .text              ro code  0x000054ec     0x4  startup_MK60D10.o [1]
  .text              ro code  0x000054f0     0x4  startup_MK60D10.o [1]
  .text              ro code  0x000054f4     0x4  startup_MK60D10.o [1]
  .text              ro code  0x000054f8     0x4  startup_MK60D10.o [1]
  .text              ro code  0x000054fc     0x4  startup_MK60D10.o [1]
  .text              ro code  0x00005500     0x4  startup_MK60D10.o [1]
  .text              ro code  0x00005504     0x4  startup_MK60D10.o [1]
  .text              ro code  0x00005508     0x4  startup_MK60D10.o [1]
  .text              ro code  0x0000550c     0x4  startup_MK60D10.o [1]
  .text              ro code  0x00005510     0x4  startup_MK60D10.o [1]
  .text              ro code  0x00005514     0x4  startup_MK60D10.o [1]
  .text              ro code  0x00005518     0x4  startup_MK60D10.o [1]
  .text              ro code  0x0000551c     0x4  startup_MK60D10.o [1]
  .text              ro code  0x00005520     0x4  startup_MK60D10.o [1]
  .text              ro code  0x00005524     0x4  startup_MK60D10.o [1]
  .text              ro code  0x00005528     0x4  startup_MK60D10.o [1]
  .text              ro code  0x0000552c     0x4  startup_MK60D10.o [1]
  .text              ro code  0x00005530     0x4  startup_MK60D10.o [1]
  .text              ro code  0x00005534     0x4  startup_MK60D10.o [1]
  .text              ro code  0x00005538     0x4  startup_MK60D10.o [1]
  .text              ro code  0x0000553c     0x4  startup_MK60D10.o [1]
  .text              ro code  0x00005540     0x4  startup_MK60D10.o [1]
  .text              ro code  0x00005544     0x4  startup_MK60D10.o [1]
  .text              ro code  0x00005548     0x4  startup_MK60D10.o [1]
  .text              ro code  0x0000554c     0x4  startup_MK60D10.o [1]
  .text              ro code  0x00005550     0x4  startup_MK60D10.o [1]
  .text              ro code  0x00005554     0x4  startup_MK60D10.o [1]
  .text              ro code  0x00005558     0x4  startup_MK60D10.o [1]
  .text              ro code  0x0000555c     0x4  startup_MK60D10.o [1]
  .text              ro code  0x00005560     0x4  startup_MK60D10.o [1]
  .text              ro code  0x00005564     0x4  startup_MK60D10.o [1]
  .text              ro code  0x00005568     0x4  startup_MK60D10.o [1]
  .text              ro code  0x0000556c     0x4  startup_MK60D10.o [1]
  .text              ro code  0x00005570     0x4  startup_MK60D10.o [1]
  .text              ro code  0x00005574     0x4  startup_MK60D10.o [1]
  .text              ro code  0x00005578     0x4  startup_MK60D10.o [1]
  .text              ro code  0x0000557c     0x4  startup_MK60D10.o [1]
  .text              ro code  0x00005580     0x4  startup_MK60D10.o [1]
  .text              ro code  0x00005584     0x4  startup_MK60D10.o [1]
  .text              ro code  0x00005588     0x4  startup_MK60D10.o [1]
  .text              ro code  0x0000558c     0x4  startup_MK60D10.o [1]
  .text              ro code  0x00005590     0x4  startup_MK60D10.o [1]
  .text              ro code  0x00005594     0x4  startup_MK60D10.o [1]
  .text              ro code  0x00005598     0x4  startup_MK60D10.o [1]
  .text              ro code  0x0000559c     0x4  startup_MK60D10.o [1]
  .text              ro code  0x000055a0     0x4  startup_MK60D10.o [1]
  .text              ro code  0x000055a4     0x4  startup_MK60D10.o [1]
  .text              ro code  0x000055a8     0x4  startup_MK60D10.o [1]
  .text              ro code  0x000055ac     0x4  startup_MK60D10.o [1]
  .text              ro code  0x000055b0     0x4  startup_MK60D10.o [1]
  .text              ro code  0x000055b4     0x4  startup_MK60D10.o [1]
  .text              ro code  0x000055b8     0x4  startup_MK60D10.o [1]
  .text              ro code  0x000055bc     0x4  startup_MK60D10.o [1]
  .text              ro code  0x000055c0     0x4  startup_MK60D10.o [1]
  .text              ro code  0x000055c4     0x4  startup_MK60D10.o [1]
  .text              ro code  0x000055c8     0x4  startup_MK60D10.o [1]
  .text              ro code  0x000055cc     0x4  startup_MK60D10.o [1]
  .text              ro code  0x000055d0     0x4  startup_MK60D10.o [1]
  .text              ro code  0x000055d4     0x4  startup_MK60D10.o [1]
  .text              ro code  0x000055d8     0x4  startup_MK60D10.o [1]
  .text              ro code  0x000055dc     0x4  startup_MK60D10.o [1]
  .text              ro code  0x000055e0     0x4  startup_MK60D10.o [1]
  .text              ro code  0x000055e4     0x4  startup_MK60D10.o [1]
  .text              ro code  0x000055e8     0x4  startup_MK60D10.o [1]
  .text              ro code  0x000055ec     0x4  startup_MK60D10.o [1]
  .text              ro code  0x000055f0     0x4  startup_MK60D10.o [1]
  .text              ro code  0x000055f4     0x4  startup_MK60D10.o [1]
  .text              ro code  0x000055f8     0x4  startup_MK60D10.o [1]
  .text              ro code  0x000055fc     0x4  startup_MK60D10.o [1]
  .text              ro code  0x00005600     0x4  startup_MK60D10.o [1]
  .text              ro code  0x00005604     0x4  startup_MK60D10.o [1]
  .text              ro code  0x00005608     0x4  startup_MK60D10.o [1]
  .rodata            const    0x0000560c     0x0  zero_init3.o [5]
  .rodata            const    0x0000560c     0x0  copy_init3.o [5]
  Initializer bytes  const    0x0000560c    0x74  <for P3 s0>
                            - 0x00005680  0x5270

"P3", part 1 of 3:                          0x74
  P3 s0                       0x1fff0000    0x74  <Init block>
    .data            inited   0x1fff0000    0x24  SEEKFREE_MT9V032.o [1]
    .data            inited   0x1fff0024    0x20  SEEKFREE_MT9V032.o [1]
    .data            inited   0x1fff0044    0x18  MK60DN10_uart.o [1]
    .data            inited   0x1fff005c     0x4  common.o [1]
    .data            inited   0x1fff0060     0x4  common.o [1]
    .data            inited   0x1fff0064     0x4  common.o [1]
    .data            inited   0x1fff0068     0x4  path_control.o [1]
    .data            inited   0x1fff006c     0x1  isr.o [1]
    .data            inited   0x1fff006d     0x1  path_control.o [1]
    .data            inited   0x1fff006e     0x1  photo_handle.o [1]
    .data            inited   0x1fff006f     0x1  photo_handle.o [1]
    .data            inited   0x1fff0070     0x1  photo_handle.o [1]
    .data            inited   0x1fff0071     0x1  photo_handle.o [1]
    .data            inited   0x1fff0072     0x1  photo_handle.o [1]
    .data            inited   0x1fff0073     0x1  SEEKFREE_MT9V032.o [1]
                            - 0x1fff0074    0x74

"P3", part 2 of 3:                        0x5f7c
  .bss               zero     0x1fff0074  0x2ee0  photo_handle.o [1]
  .bss               zero     0x1fff2f54  0x2ee0  SEEKFREE_MT9V032.o [1]
  .bss               zero     0x1fff5e34    0x50  photo_handle.o [1]
  .bss               zero     0x1fff5e84    0x50  photo_handle.o [1]
  .bss               zero     0x1fff5ed4    0x50  photo_handle.o [1]
  .bss               zero     0x1fff5f24    0x18  path_control.o [1]
  .bss               zero     0x1fff5f3c    0x18  path_control.o [1]
  .bss               zero     0x1fff5f54     0xc  path_control.o [1]
  .bss               zero     0x1fff5f60     0xc  path_control.o [1]
  .bss               zero     0x1fff5f6c     0xc  path_control.o [1]
  .bss               zero     0x1fff5f78     0x8  MK60DN10_ftm.o [1]
  .bss               zero     0x1fff5f80     0x4  main.o [1]
  .bss               zero     0x1fff5f84     0x4  motor.o [1]
  .bss               zero     0x1fff5f88     0x4  motor.o [1]
  .bss               zero     0x1fff5f8c     0x4  path_control.o [1]
  .bss               zero     0x1fff5f90     0x4  path_control.o [1]
  .bss               zero     0x1fff5f94     0x4  path_control.o [1]
  .bss               zero     0x1fff5f98     0x4  path_control.o [1]
  .bss               zero     0x1fff5f9c     0x4  path_control.o [1]
  .bss               zero     0x1fff5fa0     0x4  path_control.o [1]
  .bss               zero     0x1fff5fa4     0x4  SEEKFREE_MT9V032.o [1]
  .bss               zero     0x1fff5fa8     0x2  isr.o [1]
  .bss               zero     0x1fff5faa     0x2  MK60DN10_cmt.o [1]
  .bss               zero     0x1fff5fac     0x2  motor.o [1]
  .bss               zero     0x1fff5fae     0x2  motor.o [1]
  .bss               zero     0x1fff5fb0     0x2  motor.o [1]
  .bss               zero     0x1fff5fb2     0x2  path_control.o [1]
  .bss               zero     0x1fff5fb4     0x2  path_control.o [1]
  .bss               zero     0x1fff5fb6     0x1  isr.o [1]
  .bss               zero     0x1fff5fb7     0x1  isr.o [1]
  .bss               zero     0x1fff5fb8     0x1  isr.o [1]
  .bss               zero     0x1fff5fb9     0x1  isr.o [1]
  .bss               zero     0x1fff5fba     0x1  isr.o [1]
  .bss               zero     0x1fff5fbb     0x1  isr.o [1]
  .bss               zero     0x1fff5fbc     0x1  key.o [1]
  .bss               zero     0x1fff5fbd     0x1  main.o [1]
  .bss               zero     0x1fff5fbe     0x1  main.o [1]
  .bss               zero     0x1fff5fbf     0x1  main.o [1]
  .bss               zero     0x1fff5fc0     0x1  path_control.o [1]
  .bss               zero     0x1fff5fc1     0x1  path_control.o [1]
  .bss               zero     0x1fff5fc2     0x1  path_control.o [1]
  .bss               zero     0x1fff5fc3     0x1  photo_handle.o [1]
  .bss               zero     0x1fff5fc4     0x1  photo_handle.o [1]
  .bss               zero     0x1fff5fc5     0x1  photo_handle.o [1]
  .bss               zero     0x1fff5fc6     0x1  photo_handle.o [1]
  .bss               zero     0x1fff5fc7     0x1  photo_handle.o [1]
  .bss               zero     0x1fff5fc8     0x1  photo_handle.o [1]
  .bss               zero     0x1fff5fc9     0x1  photo_handle.o [1]
  .bss               zero     0x1fff5fca     0x1  photo_handle.o [1]
  .bss               zero     0x1fff5fcb     0x1  photo_handle.o [1]
  .bss               zero     0x1fff5fcc     0x1  photo_handle.o [1]
  .bss               zero     0x1fff5fcd     0x1  photo_handle.o [1]
  .bss               zero     0x1fff5fce     0x1  photo_handle.o [1]
  .bss               zero     0x1fff5fcf     0x1  photo_handle.o [1]
  .bss               zero     0x1fff5fd0     0x1  photo_handle.o [1]
  .bss               zero     0x1fff5fd1     0x1  photo_handle.o [1]
  .bss               zero     0x1fff5fd2     0x1  photo_handle.o [1]
  .bss               zero     0x1fff5fd3     0x1  photo_handle.o [1]
  .bss               zero     0x1fff5fd4     0x1  photo_handle.o [1]
  .bss               zero     0x1fff5fd5     0x1  photo_handle.o [1]
  .bss               zero     0x1fff5fd6     0x1  photo_handle.o [1]
  .bss               zero     0x1fff5fd7     0x1  photo_handle.o [1]
  .bss               zero     0x1fff5fd8     0x1  photo_handle.o [1]
  .bss               zero     0x1fff5fd9     0x1  photo_handle.o [1]
  .bss               zero     0x1fff5fda     0x1  photo_handle.o [1]
  .bss               zero     0x1fff5fdb     0x1  photo_handle.o [1]
  .bss               zero     0x1fff5fdc     0x1  photo_handle.o [1]
  .bss               zero     0x1fff5fdd     0x1  photo_handle.o [1]
  .bss               zero     0x1fff5fde     0x1  photo_handle.o [1]
  .bss               zero     0x1fff5fdf     0x1  photo_handle.o [1]
  .bss               zero     0x1fff5fe0     0x1  photo_handle.o [1]
  .bss               zero     0x1fff5fe1     0x1  photo_handle.o [1]
  .bss               zero     0x1fff5fe2     0x1  photo_handle.o [1]
  .bss               zero     0x1fff5fe3     0x1  photo_handle.o [1]
  .bss               zero     0x1fff5fe4     0x1  photo_handle.o [1]
  .bss               zero     0x1fff5fe5     0x1  photo_handle.o [1]
  .bss               zero     0x1fff5fe6     0x1  photo_handle.o [1]
  .bss               zero     0x1fff5fe7     0x1  photo_handle.o [1]
  .bss               zero     0x1fff5fe8     0x1  photo_handle.o [1]
  .bss               zero     0x1fff5fe9     0x1  photo_handle.o [1]
  .bss               zero     0x1fff5fea     0x1  photo_handle.o [1]
  .bss               zero     0x1fff5feb     0x1  photo_handle.o [1]
  .bss               zero     0x1fff5fec     0x1  SEEKFREE_MT9V032.o [1]
  .bss               zero     0x1fff5fed     0x1  SEEKFREE_MT9V032.o [1]
                            - 0x1fff5fee  0x5f7a

"P3", part 3 of 3:                        0x2000
  CSTACK                      0x1fff5ff0  0x2000  <Block>
    CSTACK           uninit   0x1fff5ff0  0x2000  <Block tail>
                            - 0x1fff7ff0  0x2000


*******************************************************************************
*** INIT TABLE
***

          Address     Size
          -------     ----
Zero (__iar_zero_init3)
    1 destination range, total size 0x5f7a:
          0x1fff0074  0x5f7a

Copy (__iar_copy_init3)
    1 source range, total size 0x74:
          0x0000560c    0x74
    1 destination range, total size 0x74:
          0x1fff0000    0x74



*******************************************************************************
*** MODULE SUMMARY
***

    Module              ro code  ro data  rw data
    ------              -------  -------  -------
C:\Users\Dargon\Desktop\03-26-巡线试用版\Projecct\IAR\program\MK60_Debug\Obj: [1]
    MK60DN10_cmt.o          296                 2
    MK60DN10_dma.o          528
    MK60DN10_ftm.o        1 004       12        8
    MK60DN10_gpio.o         516       40
    MK60DN10_pit.o          344
    MK60DN10_port.o         236       40
    MK60DN10_systick.o       84
    MK60DN10_uart.o         716       24       24
    SEEKFREE_MT9V032.o      708       69   12 075
    SEEKFREE_OLED.o         876      552
    common.o                104       12       12
    isr.o                   432        1        9
    key.o                   284                 1
    led.o                   462
    main.o                  188                 7
    motor.o                 408                14
    path_control.o        2 824        5      120
    photo_handle.o        7 068       13   12 286
    startup_MK60D10.o     1 480
    system_MK60D10.o        264
    ---------------------------------------------
    Total:               18 822      768   24 558

command line: [2]
    ---------------------------------------------
    Total:

dl7M_tlf.a: [3]
    exit.o                    4
    low_level_init.o          4
    ---------------------------------------------
    Total:                    8

m7M_tl.a: [4]
    DblAdd.o                232
    DblMul.o                418
    DblSub.o                364
    DblToFlt.o              144
    FltAdd.o                132
    FltCmpEq.o               28
    FltCmpGe.o               36
    FltCmpLe.o               36
    FltDiv.o                252
    FltMul.o                216
    FltSub.o                230
    FltToDbl.o               78
    FltToS32.o               68
    I32ToFlt.o               46
    ---------------------------------------------
    Total:                2 280

rt7M_tl.a: [5]
    cexit.o                  10
    cmain.o                  26
    copy_init3.o             44
    cstartup_M.o             12
    data_init.o              40
    zero_init3.o             64
    ---------------------------------------------
    Total:                  196

shb_l.a: [6]
    exit.o                   20
    ---------------------------------------------
    Total:                   20

    Gaps                     14
    Linker created                    36    8 192
-------------------------------------------------
    Grand Total:         21 340      804   32 750


*******************************************************************************
*** ENTRY LIST
***

Entry                      Address    Size  Type      Object
-----                      -------    ----  ----      ------
.iar.init_table$$Base   0x0000537c           --   Gb  - Linker created -
.iar.init_table$$Limit  0x000053a0           --   Gb  - Linker created -
?main                   0x000053a1          Code  Gb  cmain.o [5]
Black_D_view            0x1fff5fd1     0x1  Data  Gb  photo_handle.o [1]
Black_Z_view            0x1fff5fd2     0x1  Data  Gb  photo_handle.o [1]
CMT_Init                0x00003b07     0xe  Code  Gb  motor.o [1]
CSTACK$$Base            0x1fff5ff0           --   Gb  - Linker created -
CSTACK$$Limit           0x1fff7ff0           --   Gb  - Linker created -
Curve_arg               0x1fff5f6c     0xc  Data  Gb  path_control.o [1]
DMA0_IRQHandler         0x00004e0b    0x26  Code  Gb  isr.o [1]
D_view                  0x1fff5f94     0x4  Data  Gb  path_control.o [1]
Dajin_Finish_Flag       0x1fff5fbe     0x1  Data  Gb  main.o [1]
Decelerate_Flag         0x1fff5fc0     0x1  Data  Gb  path_control.o [1]
Detect_Ok               0x1fff5fc1     0x1  Data  Gb  path_control.o [1]
Diamond_Shape_Flag      0x1fff5fe1     0x1  Data  Gb  photo_handle.o [1]
Disable_Wdog            0x000050bd    0x1a  Code  Gb  system_MK60D10.o [1]
Display_Flag            0x1fff5fbf     0x1  Data  Gb  main.o [1]
Encoder_FTM1_Init       0x00003a5b     0xa  Code  Gb  motor.o [1]
F6x8                    0x00004bc8   0x228  Data  Gb  SEEKFREE_OLED.o [1]
FTMX                    0x00005444     0xc  Data  Lc  MK60DN10_ftm.o [1]
FTM_port_mux            0x00003d69   0x100  Code  Gb  MK60DN10_ftm.o [1]
Fit_Middle              0x1fff5e34    0x50  Data  Gb  photo_handle.o [1]
GET_CFG                 0x1fff0024    0x20  Data  Gb  SEEKFREE_MT9V032.o [1]
GPIOX                   0x000053f8    0x14  Data  Lc  MK60DN10_gpio.o [1]
GPIOX                   0x00005420    0x14  Data  Lc  MK60DN10_port.o [1]
Get_Center_Line         0x000007a1  0x1574  Code  Gb  photo_handle.o [1]
Get_Center_Line::Find_Standard_Flag
                        0x1fff0070     0x1  Data  Lc  photo_handle.o [1]
Get_Center_Line::Left_Array
                        0x1fff5ed4    0x50  Data  Lc  photo_handle.o [1]
Get_Center_Line::Middle_Line_Last
                        0x1fff5fe7     0x1  Data  Lc  photo_handle.o [1]
Get_Center_Line::Right_Array
                        0x1fff5e84    0x50  Data  Lc  photo_handle.o [1]
Get_Center_Line::Road_Inside_Flag
                        0x1fff5fe8     0x1  Data  Lc  photo_handle.o [1]
Get_Center_Line::Road_Outside_Flag
                        0x1fff5fe9     0x1  Data  Lc  photo_handle.o [1]
Get_Center_Line::Zhi_Xing_Over
                        0x1fff0072     0x1  Data  Lc  photo_handle.o [1]
Get_Center_Line::count1
                        0x1fff5feb     0x1  Data  Lc  photo_handle.o [1]
Get_Center_Line::count_D
                        0x1fff5fea     0x1  Data  Lc  photo_handle.o [1]
Get_Center_Line::count_Z
                        0x1fff0071     0x1  Data  Lc  photo_handle.o [1]
Get_Encoder             0x00003a65    0xa2  Code  Gb  motor.o [1]
Get_Encoder::count      0x1fff5fb0     0x2  Data  Lc  motor.o [1]
Hongwai_Control         0x00003729   0x14a  Code  Gb  path_control.o [1]
Hongwai_Status          0x00003c29    0x5c  Code  Gb  led.o [1]
Huan_Dao_Ok             0x1fff006e     0x1  Data  Gb  photo_handle.o [1]
KS103_Distance          0x1fff5fa8     0x2  Data  Gb  isr.o [1]
KS_103_Send             0x00004ea7    0x12  Code  Gb  isr.o [1]
Key_Init                0x00004fa1    0x2c  Code  Gb  key.o [1]
Key_Status              0x00004fcd    0x42  Code  Gb  key.o [1]
Key_Test                0x0000500f    0x64  Code  Gb  key.o [1]
L68                     0x1fff5fc9     0x1  Data  Gb  photo_handle.o [1]
L69                     0x1fff5fc8     0x1  Data  Gb  photo_handle.o [1]
LED_Close               0x00003d27    0x40  Code  Gb  led.o [1]
LED_Control             0x00003645    0xd4  Code  Gb  path_control.o [1]
LED_Open                0x00003ce7    0x40  Code  Gb  led.o [1]
LED_Turn                0x00003c85    0x62  Code  Gb  led.o [1]
Led_Init                0x00003b99    0x90  Code  Gb  led.o [1]
Left_In_view            0x1fff5fd5     0x1  Data  Gb  photo_handle.o [1]
Left_Out_view           0x1fff5fd6     0x1  Data  Gb  photo_handle.o [1]
Left_White_Flag_view    0x1fff5fc5     0x1  Data  Gb  photo_handle.o [1]
Left_White_view         0x1fff5fc6     0x1  Data  Gb  photo_handle.o [1]
MT9V032_CFG             0x1fff0000    0x24  Data  Gb  SEEKFREE_MT9V032.o [1]
Mid_Line_view           0x1fff5fc7     0x1  Data  Gb  photo_handle.o [1]
Motor_Control           0x00002fb5   0x618  Code  Gb  path_control.o [1]
Motor_Control::count    0x1fff5fb2     0x2  Data  Lc  path_control.o [1]
Motor_Control::pwm      0x1fff5fa0     0x4  Data  Lc  path_control.o [1]
NMI_Handler             0x000051c3     0x2  Code  Gb  system_MK60D10.o [1]
NVIC_DisableIRQ         0x000046b7    0x16  Code  Lc  SEEKFREE_MT9V032.o [1]
NVIC_EnableIRQ          0x000043d5    0x16  Code  Lc  MK60DN10_uart.o [1]
NVIC_EnableIRQ          0x000039e5    0x14  Code  Lc  motor.o [1]
NVIC_EnableIRQ          0x000046a1    0x16  Code  Lc  SEEKFREE_MT9V032.o [1]
NVIC_SetPriority        0x000039f9    0x26  Code  Lc  motor.o [1]
NVIC_SetPriority        0x000046cd    0x2a  Code  Lc  SEEKFREE_MT9V032.o [1]
OLED_DLY_ms             0x00002745    0x1c  Code  Gb  SEEKFREE_OLED.o [1]
OLED_Display            0x00001d47   0x1a4  Code  Gb  photo_handle.o [1]
OLED_Fill               0x00002791    0x40  Code  Gb  SEEKFREE_OLED.o [1]
OLED_HEXACSII           0x00002975    0x38  Code  Gb  SEEKFREE_OLED.o [1]
OLED_Init               0x000027d1   0x128  Code  Gb  SEEKFREE_OLED.o [1]
OLED_P6x8Str            0x000028f9    0x7c  Code  Gb  SEEKFREE_OLED.o [1]
OLED_Print_Num1         0x000029ad    0x60  Code  Gb  SEEKFREE_OLED.o [1]
OLED_Set_Pos            0x00002761    0x30  Code  Gb  SEEKFREE_OLED.o [1]
OLED_WrCmd              0x000026f9    0x4c  Code  Gb  SEEKFREE_OLED.o [1]
OLED_WrDat              0x000026ad    0x4c  Code  Gb  SEEKFREE_OLED.o [1]
PID_Init                0x00002e75    0x52  Code  Gb  path_control.o [1]
PID_Position_Calcualte  0x00003889    0xa8  Code  Gb  path_control.o [1]
PID_Position_Calcualte::out
                        0x1fff5fb4     0x2  Data  Lc  path_control.o [1]
PIT0_IRQHandler         0x00004e31    0x62  Code  Gb  isr.o [1]
PIT0_IRQHandler::count  0x1fff5fbb     0x1  Data  Lc  isr.o [1]
PIT0_IRQHandler::i      0x1fff5fba     0x1  Data  Lc  isr.o [1]
PIT2_IRQHandler         0x00004f4d     0xe  Code  Gb  isr.o [1]
PORTA_IRQHandler        0x00004df1     0xa  Code  Gb  isr.o [1]
PORTC_IRQHandler        0x00004dfb    0x10  Code  Gb  isr.o [1]
PORTX                   0x000053e4    0x14  Data  Lc  MK60DN10_gpio.o [1]
PORTX                   0x0000540c    0x14  Data  Lc  MK60DN10_port.o [1]
Pit_Timer_Init          0x00003b23    0x26  Code  Gb  motor.o [1]
Pwm_FTM0_Init           0x00003a1f    0x20  Code  Gb  motor.o [1]
R68                     0x1fff5fcb     0x1  Data  Gb  photo_handle.o [1]
R69                     0x1fff5fca     0x1  Data  Gb  photo_handle.o [1]
R_Data                  0x1fff5fb6     0x1  Data  Gb  isr.o [1]
R_High                  0x1fff5fb8     0x1  Data  Gb  isr.o [1]
R_Low                   0x1fff5fb9     0x1  Data  Gb  isr.o [1]
Receive_Ok              0x1fff006c     0x1  Data  Gb  isr.o [1]
Region$$Table$$Base     0x0000537c           --   Gb  - Linker created -
Region$$Table$$Limit    0x000053a0           --   Gb  - Linker created -
Right_White_Flag_view   0x1fff5fc3     0x1  Data  Gb  photo_handle.o [1]
Right_White_view        0x1fff5fc4     0x1  Data  Gb  photo_handle.o [1]
Road_Control            0x00002ec7    0xee  Code  Gb  path_control.o [1]
Road_Control::Target_Last
                        0x1fff0068     0x4  Data  Lc  path_control.o [1]
Road_Inside_Flag_view   0x1fff5fd3     0x1  Data  Gb  photo_handle.o [1]
Road_Justice_Flag       0x1fff5fdc     0x1  Data  Gb  photo_handle.o [1]
Road_Outside_Flag_view  0x1fff5fd4     0x1  Data  Gb  photo_handle.o [1]
Road_Turn_Left_Flag     0x1fff5fdb     0x1  Data  Gb  photo_handle.o [1]
Road_Turn_Right_Flag    0x1fff5fda     0x1  Data  Gb  photo_handle.o [1]
SYSTEM_CLK              0x000050d7    0xac  Code  Gb  system_MK60D10.o [1]
Set_Pwm                 0x00003a3f    0x1c  Code  Gb  motor.o [1]
Set_Steer_Pwm           0x00003b15     0xe  Code  Gb  motor.o [1]
Start                   0x000051ad    0x16  Code  Gb  system_MK60D10.o [1]
Statu                   0x1fff5fb7     0x1  Data  Gb  isr.o [1]
Steer_arg               0x1fff5f54     0xc  Data  Gb  path_control.o [1]
Steer_val               0x1fff5f24    0x18  Data  Lc  path_control.o [1]
Stero_pwm_view          0x1fff5f8c     0x4  Data  Gb  path_control.o [1]
Stop_All_Flag           0x1fff5fdd     0x1  Data  Gb  photo_handle.o [1]
Stop_Flag               0x1fff006d     0x1  Data  Gb  path_control.o [1]
Straight_Road_Flag_view
                        0x1fff5fcc     0x1  Data  Gb  photo_handle.o [1]
Straight_Road_Select_Flag
                        0x1fff5fde     0x1  Data  Gb  photo_handle.o [1]
Straight_arg            0x1fff5f60     0xc  Data  Gb  path_control.o [1]
Straight_val            0x1fff5f3c    0x18  Data  Lc  path_control.o [1]
Target                  0x1fff5f98     0x4  Data  Gb  path_control.o [1]
Target_Last             0x1fff5f9c     0x4  Data  Gb  path_control.o [1]
Target_view             0x1fff5f90     0x4  Data  Gb  path_control.o [1]
Total_Rad               0x1fff5fac     0x2  Data  Gb  motor.o [1]
UART1_RX_TX_IRQHandler  0x00004eb9    0x94  Code  Gb  isr.o [1]
UART3_RX_TX_IRQHandler  0x00004e93    0x14  Code  Gb  isr.o [1]
VSYNC                   0x000048fb    0x18  Code  Gb  SEEKFREE_MT9V032.o [1]
Velacity_Mode           0x1fff5fbc     0x1  Data  Gb  key.o [1]
Velocity                0x1fff5f88     0x4  Data  Gb  motor.o [1]
Velocity_Select         0x00005073    0x40  Code  Gb  key.o [1]
Voice_Detect_Ok         0x1fff5fc2     0x1  Data  Gb  path_control.o [1]
Wan_Flag_1              0x1fff5fe0     0x1  Data  Gb  photo_handle.o [1]
White_View              0x1fff5fce     0x1  Data  Gb  photo_handle.o [1]
White_view_In           0x1fff5fcf     0x1  Data  Gb  photo_handle.o [1]
White_view_Out          0x1fff5fd0     0x1  Data  Gb  photo_handle.o [1]
Zebra_Crossing_Flag     0x1fff5fe2     0x1  Data  Gb  photo_handle.o [1]
Zebra_Crossing_Flag_Count
                        0x1fff5fe6     0x1  Data  Gb  photo_handle.o [1]
Zebra_Crossing_Flag_view
                        0x1fff5fcd     0x1  Data  Gb  photo_handle.o [1]
Zhi_Flag_1              0x1fff5fdf     0x1  Data  Gb  photo_handle.o [1]
__Vectors               0x00000000           --   Gb  startup_MK60D10.o [1]
__Vectors_End           0x00000400          Data  Gb  startup_MK60D10.o [1]
__Vectors_Size {Abs}    0x00000400           --   Gb  startup_MK60D10.o [1]
__aeabi_cfcmpeq         0x00003b7d          Code  Gb  FltCmpEq.o [4]
__aeabi_cfcmple         0x00002689          Code  Gb  FltCmpLe.o [4]
__aeabi_cfrcmple        0x0000397d          Code  Gb  FltCmpGe.o [4]
__aeabi_d2f             0x000025f9          Code  Gb  DblToFlt.o [4]
__aeabi_dadd            0x00002511          Code  Gb  DblAdd.o [4]
__aeabi_dmul            0x0000236d          Code  Gb  DblMul.o [4]
__aeabi_f2d             0x0000231d          Code  Gb  FltToDbl.o [4]
__aeabi_f2iz            0x000039a1          Code  Gb  FltToS32.o [4]
__aeabi_fadd            0x000020d9          Code  Gb  FltAdd.o [4]
__aeabi_fdiv            0x00001fdd          Code  Gb  FltDiv.o [4]
__aeabi_fmul            0x0000215d          Code  Gb  FltMul.o [4]
__aeabi_fsub            0x00002235          Code  Gb  FltSub.o [4]
__aeabi_i2f             0x00001fad          Code  Gb  I32ToFlt.o [4]
__cmain                 0x000053a1          Code  Gb  cmain.o [5]
__exit                  0x000053d1    0x14  Code  Gb  exit.o [6]
__iar_copy_init3        0x00005329    0x2c  Code  Gb  copy_init3.o [5]
__iar_dadd              0x00002525          Code  Gb  DblAdd.o [4]
__iar_data_init3        0x00005355    0x28  Code  Gb  data_init.o [5]
__iar_dsub              0x00002a19          Code  Gb  DblSub.o [4]
__iar_dsubStart         0x00002a2b          Code  Gb  DblSub.o [4]
__iar_fadd              0x000020e9          Code  Gb  FltAdd.o [4]
__iar_fsub              0x00002245          Code  Gb  FltSub.o [4]
__iar_fsubStart         0x00002255          Code  Gb  FltSub.o [4]
__iar_program_start     0x00005451          Code  Gb  cstartup_M.o [5]
__iar_ui2f              0x00001fc1          Code  Gb  I32ToFlt.o [4]
__iar_zero_init3        0x000052e9    0x40  Code  Gb  zero_init3.o [5]
__low_level_init        0x000053bb     0x4  Code  Gb  low_level_init.o [3]
__vector_table          0x00000000          Data  Gb  startup_MK60D10.o [1]
_call_main              0x000053ad          Code  Gb  cmain.o [5]
_exit                   0x000053c5          Code  Gb  cexit.o [5]
_main                   0x000053b7          Code  Gb  cmain.o [5]
bus_clk_mhz             0x1fff0064     0x4  Data  Gb  common.o [1]
camera_init             0x000047fb   0x100  Code  Gb  SEEKFREE_MT9V032.o [1]
cmt_period              0x1fff5faa     0x2  Data  Gb  MK60DN10_cmt.o [1]
cmt_pwm_duty            0x0000420b    0x46  Code  Gb  MK60DN10_cmt.o [1]
cmt_pwm_init            0x00004155    0xb6  Code  Gb  MK60DN10_cmt.o [1]
core_clk_mhz            0x1fff0060     0x4  Data  Gb  common.o [1]
dma_portx2buff_init     0x000049b9   0x210  Code  Gb  MK60DN10_dma.o [1]
dma_repeat              0x000046f7    0x58  Code  Lc  SEEKFREE_MT9V032.o [1]
encoder                 0x1fff5fae     0x2  Data  Gb  motor.o [1]
end_x                   0x1fff006f     0x1  Data  Gb  photo_handle.o [1]
exit                    0x000053bf     0x4  Code  Gb  exit.o [3]
fs                      0x00001d31    0x16  Code  Gb  photo_handle.o [1]
ftm_pwm_duty            0x00003fc5    0x72  Code  Gb  MK60DN10_ftm.o [1]
ftm_pwm_init            0x00003e69   0x15c  Code  Gb  MK60DN10_ftm.o [1]
ftm_quad_clean          0x0000412d     0xe  Code  Gb  MK60DN10_ftm.o [1]
ftm_quad_get            0x0000411f     0xe  Code  Gb  MK60DN10_ftm.o [1]
ftm_quad_init           0x00004037    0xe8  Code  Gb  MK60DN10_ftm.o [1]
get_clk                 0x00005281    0x68  Code  Gb  common.o [1]
get_config              0x00004795    0x66  Code  Gb  SEEKFREE_MT9V032.o [1]
gpio_get                0x00002cb1    0x32  Code  Gb  MK60DN10_gpio.o [1]
gpio_init               0x00002b85   0x12c  Code  Gb  MK60DN10_gpio.o [1]
gpio_set                0x00002ce3    0x6a  Code  Gb  MK60DN10_gpio.o [1]
gpio_turn               0x00002d4d    0x2e  Code  Gb  MK60DN10_gpio.o [1]
image                   0x1fff2f54  0x2ee0  Data  Gb  SEEKFREE_MT9V032.o [1]
image_threshold         0x1fff5fbd     0x1  Data  Gb  main.o [1]
imagebin                0x1fff0074  0x2ee0  Data  Gb  photo_handle.o [1]
left_centre_v           0x1fff5fd8     0x1  Data  Gb  photo_handle.o [1]
main                    0x000051c5    0xbc  Code  Gb  main.o [1]
mcgout_clk_mhz          0x1fff005c     0x4  Data  Gb  common.o [1]
middle_centre_v         0x1fff5fd7     0x1  Data  Gb  photo_handle.o [1]
mt9v032_cof_uart_interrupt
                        0x0000474f    0x46  Code  Gb  SEEKFREE_MT9V032.o [1]
mt9v032_finish_flag     0x1fff5fed     0x1  Data  Gb  SEEKFREE_MT9V032.o [1]
otsuThreshold           0x00000411   0x386  Code  Gb  photo_handle.o [1]
otsuThreshold::Finish_Ok
                        0x1fff5fe5     0x1  Data  Lc  photo_handle.o [1]
otsuThreshold::threshold
                        0x1fff5fe4     0x1  Data  Lc  photo_handle.o [1]
period                  0x1fff5f78     0x8  Data  Gb  MK60DN10_ftm.o [1]
pit_close               0x00004395    0x32  Code  Gb  MK60DN10_pit.o [1]
pit_init                0x0000427d    0x5c  Code  Gb  MK60DN10_pit.o [1]
pit_time_get            0x00004335    0x60  Code  Gb  MK60DN10_pit.o [1]
pit_time_start          0x000042d9    0x5c  Code  Gb  MK60DN10_pit.o [1]
port_init               0x00002d89    0x80  Code  Gb  MK60DN10_port.o [1]
port_init_NoAlt         0x00002e09    0x60  Code  Gb  MK60DN10_port.o [1]
pwm_view                0x1fff5f84     0x4  Data  Gb  motor.o [1]
receive                 0x1fff5fa4     0x4  Data  Gb  SEEKFREE_MT9V032.o [1]
receive_num             0x1fff5fec     0x1  Data  Gb  SEEKFREE_MT9V032.o [1]
right_centre_v          0x1fff5fd9     0x1  Data  Gb  photo_handle.o [1]
row_finished            0x00004913     0x8  Code  Gb  SEEKFREE_MT9V032.o [1]
start_x                 0x1fff5fe3     0x1  Data  Gb  photo_handle.o [1]
systick_delay           0x00004965    0x24  Code  Gb  MK60DN10_systick.o [1]
systick_delay_ms        0x00004989    0x1e  Code  Gb  MK60DN10_systick.o [1]
uart                    0x1fff0044    0x18  Data  Gb  MK60DN10_uart.o [1]
uart_getchar            0x0000463d    0x1c  Code  Gb  MK60DN10_uart.o [1]
uart_init               0x000043eb   0x218  Code  Gb  MK60DN10_uart.o [1]
uart_putbuff            0x0000461d    0x20  Code  Gb  MK60DN10_uart.o [1]
uart_putchar            0x00004603    0x1a  Code  Gb  MK60DN10_uart.o [1]
uart_receive_flag       0x1fff0073     0x1  Data  Gb  SEEKFREE_MT9V032.o [1]
uart_rx_irq_en          0x00004659    0x2a  Code  Gb  MK60DN10_uart.o [1]
use_time                0x1fff5f80     0x4  Data  Gb  main.o [1]


[1] = C:\Users\Dargon\Desktop\03-26-巡线试用版\Projecct\IAR\program\MK60_Debug\Obj
[2] = command line
[3] = dl7M_tlf.a
[4] = m7M_tl.a
[5] = rt7M_tl.a
[6] = shb_l.a

  21 340 bytes of readonly  code memory
     804 bytes of readonly  data memory
  32 750 bytes of readwrite data memory

Errors: none
Warnings: none
