<html>
<body>
<pre>
<h1>礦ision Build Log</h1>
<h2>Tool Versions:</h2>
IDE-Version: μVision V5.17.0.0
Copyright (C) 2015 ARM Ltd and ARM Germany GmbH. All rights reserved.
License Information: asd 1325536866@qq.com, asdasd, LIC=CRMNN-YQEZH-YCZJ1-CBNDN-Q76GP-UPRZT
 
Tool Versions:
Toolchain:       MDK-ARM Professional  Version: 5.17
Toolchain Path:  D:\professional software\keil_v5\ARM\ARMCC\Bin
C Compiler:      Armcc.exe V5.06 update 1 (build 61)
Assembler:       Armasm.exe V5.06 update 1 (build 61)
Linker/Locator:  ArmLink.exe V5.06 update 1 (build 61)
Library Manager: ArmAr.exe V5.06 update 1 (build 61)
Hex Converter:   FromElf.exe V5.06 update 1 (build 61)
CPU DLL:         SARMCM3.DLL V5.17
Dialog DLL:      DCM.DLL V1.13.4.0
Target DLL:      Segger\JL2CM3.dll V2.99.16.0
Dialog DLL:      TCM.DLL V1.14.6.0
 
<h2>Project:</h2>
E:\work\seekfree\freescale_work\单片机库开发\K60库编写\逐飞科技_K60库\Projecct\MDK\SeekFree_Kinetis.uvprojx
Project File Date:  03/02/2017

<h2>Output:</h2>
*** Using Compiler 'V5.06 update 1 (build 61)', folder: 'D:\professional software\keil_v5\ARM\ARMCC\Bin'
Build target 'SeekFree_MK60DN10'
compiling MK60DN10_ftm.c...
compiling MK60DN10_uart.c...
compiling system_MK60D10.c...
compiling MK60DN10_adc.c...
compiling MK60DN10_lptmr.c...
compiling common.c...
compiling MK60DN10_dac.c...
compiling MK60DN10_spi.c...
compiling MK60DN10_dma.c...
compiling main.c...
compiling MK60DN10_i2c.c...
compiling SEEKFREE_18TFT.c...
compiling isr.c...
compiling MK60DN10_sdhc.c...
compiling SEEKFREE_IIC.c...
compiling SEEKFREE_L3G4200D.c...
compiling SEEKFREE_FUN.c...
compiling SEEKFREE_7725.c...
compiling SEEKFREE_MPU6050.c...
compiling SEEKFREE_MT9V032.c...
compiling SEEKFREE_MMA8451.c...
compiling diskio.c...
compiling SEEKFREE_TSL1401.c...
compiling SEEKFREE_NRF24L01.c...
compiling SEEKFREE_OLED.c...
linking...
Program Size: Code=1668 RO-data=1136 RW-data=44 ZI-data=4100  
".\Objects\SeekFree_Kinetis.axf" - 0 Error(s), 0 Warning(s).

<h2>Collection of Component include folders:</h2>
  E:\work\seekfree\freescale_work\单片机库开发\K60库编写\逐飞科技_K60库\Projecct\MDK\RTE
  D:\professional software\keil_v5\ARM\PACK\Keil\Kinetis_K60_DFP\1.4.0\Device\Include

<h2>Collection of Component Files used:</h2>
Build Time Elapsed:  00:00:05
</pre>
</body>
</html>
